\BOOKMARK [0][-]{chapter.1}{\376\377\000W\000e\000e\000k\000l\000y\000\040\000P\000l\000a\000n\000\040\000O\000v\000e\000r\000v\000i\000e\000w}{}% 1
\BOOKMARK [0][-]{chapter.2}{\376\377\000A\000n\000\040\000I\000n\000t\000r\000o\000d\000u\000c\000t\000i\000o\000n\000\040\000t\000o\000\040\000E\000-\000C\000o\000m\000m\000e\000r\000c\000e\000\040\000w\000i\000t\000h\000\040\000a\000\040\000F\000o\000c\000u\000s\000\040\000o\000n\000\040\000M\000a\000c\000h\000i\000n\000e\000\040\000L\000e\000a\000r\000n\000i\000n\000g\000,\000\040\000D\000e\000e\000p\000\040\000L\000e\000a\000r\000n\000i\000n\000g\000,\000\040\000a\000n\000d\000\040\000A\000r\000t\000i\000f\000i\000c\000i\000a\000l\000\040\000I\000n\000t\000e\000l\000l\000i\000g\000e\000n\000c\000e}{}% 2
\BOOKMARK [1][-]{section.2.1}{\376\377\000I\000n\000t\000r\000o\000d\000u\000c\000t\000i\000o\000n\000\040\000t\000o\000\040\000E\000-\000C\000o\000m\000m\000e\000r\000c\000e}{chapter.2}% 3
\BOOKMARK [2][-]{subsection.2.1.1}{\376\377\000E\000-\000C\000o\000m\000m\000e\000r\000c\000e\000\040\000B\000u\000s\000i\000n\000e\000s\000s\000\040\000M\000o\000d\000e\000l\000s\000\040\000a\000n\000d\000\040\000V\000a\000l\000u\000e\000\040\000C\000h\000a\000i\000n}{section.2.1}% 4
\BOOKMARK [1][-]{section.2.2}{\376\377\000F\000o\000u\000n\000d\000a\000t\000i\000o\000n\000s\000\040\000o\000f\000\040\000A\000I\000,\000\040\000M\000a\000c\000h\000i\000n\000e\000\040\000L\000e\000a\000r\000n\000i\000n\000g\000,\000\040\000a\000n\000d\000\040\000D\000e\000e\000p\000\040\000L\000e\000a\000r\000n\000i\000n\000g}{chapter.2}% 5
\BOOKMARK [2][-]{subsection.2.2.1}{\376\377\000D\000e\000f\000i\000n\000i\000t\000i\000o\000n\000s\000\040\000a\000n\000d\000\040\000R\000e\000l\000a\000t\000i\000o\000n\000s\000h\000i\000p\000s}{section.2.2}% 6
\BOOKMARK [2][-]{subsection.2.2.2}{\376\377\000T\000y\000p\000e\000s\000\040\000o\000f\000\040\000L\000e\000a\000r\000n\000i\000n\000g\000\040\000a\000n\000d\000\040\000E\000-\000C\000o\000m\000m\000e\000r\000c\000e\000\040\000E\000x\000a\000m\000p\000l\000e\000s}{section.2.2}% 7
\BOOKMARK [1][-]{section.2.3}{\376\377\000M\000a\000c\000h\000i\000n\000e\000\040\000L\000e\000a\000r\000n\000i\000n\000g\000\040\000A\000c\000r\000o\000s\000s\000\040\000t\000h\000e\000\040\000E\000-\000C\000o\000m\000m\000e\000r\000c\000e\000\040\000L\000i\000f\000e\000c\000y\000c\000l\000e}{chapter.2}% 8
\BOOKMARK [2][-]{subsection.2.3.1}{\376\377\000P\000e\000r\000s\000o\000n\000a\000l\000i\000z\000e\000d\000\040\000R\000e\000c\000o\000m\000m\000e\000n\000d\000a\000t\000i\000o\000n\000s}{section.2.3}% 9
\BOOKMARK [2][-]{subsection.2.3.2}{\376\377\000S\000e\000a\000r\000c\000h\000\040\000a\000n\000d\000\040\000R\000a\000n\000k\000i\000n\000g}{section.2.3}% 10
\BOOKMARK [2][-]{subsection.2.3.3}{\376\377\000S\000e\000g\000m\000e\000n\000t\000a\000t\000i\000o\000n\000,\000\040\000c\000h\000u\000r\000n\000,\000\040\000a\000n\000d\000\040\000C\000L\000V}{section.2.3}% 11
\BOOKMARK [2][-]{subsection.2.3.4}{\376\377\000D\000y\000n\000a\000m\000i\000c\000\040\000P\000r\000i\000c\000i\000n\000g\000\040\000a\000n\000d\000\040\000P\000r\000o\000m\000o\000t\000i\000o\000n\000\040\000O\000p\000t\000i\000m\000i\000z\000a\000t\000i\000o\000n}{section.2.3}% 12
\BOOKMARK [2][-]{subsection.2.3.5}{\376\377\000D\000e\000m\000a\000n\000d\000\040\000F\000o\000r\000e\000c\000a\000s\000t\000i\000n\000g\000\040\000a\000n\000d\000\040\000I\000n\000v\000e\000n\000t\000o\000r\000y\000\040\000M\000a\000n\000a\000g\000e\000m\000e\000n\000t}{section.2.3}% 13
\BOOKMARK [2][-]{subsection.2.3.6}{\376\377\000F\000r\000a\000u\000d\000\040\000D\000e\000t\000e\000c\000t\000i\000o\000n\000\040\000a\000n\000d\000\040\000T\000r\000a\000n\000s\000a\000c\000t\000i\000o\000n\000\040\000S\000e\000c\000u\000r\000i\000t\000y}{section.2.3}% 14
\BOOKMARK [2][-]{subsection.2.3.7}{\376\377\000C\000u\000s\000t\000o\000m\000e\000r\000\040\000S\000e\000r\000v\000i\000c\000e\000\040\000a\000n\000d\000\040\000C\000o\000n\000v\000e\000r\000s\000a\000t\000i\000o\000n\000a\000l\000\040\000C\000o\000m\000m\000e\000r\000c\000e}{section.2.3}% 15
\BOOKMARK [1][-]{section.2.4}{\376\377\000D\000e\000e\000p\000\040\000L\000e\000a\000r\000n\000i\000n\000g\000\040\000i\000n\000\040\000E\000-\000C\000o\000m\000m\000e\000r\000c\000e}{chapter.2}% 16
\BOOKMARK [2][-]{subsection.2.4.1}{\376\377\000N\000e\000u\000r\000a\000l\000\040\000R\000e\000c\000o\000m\000m\000e\000n\000d\000a\000t\000i\000o\000n\000\040\000S\000y\000s\000t\000e\000m\000s}{section.2.4}% 17
\BOOKMARK [2][-]{subsection.2.4.2}{\376\377\000N\000L\000P\000\040\000f\000o\000r\000\040\000P\000r\000o\000d\000u\000c\000t\000\040\000T\000e\000x\000t\000\040\000a\000n\000d\000\040\000R\000e\000v\000i\000e\000w\000s}{section.2.4}% 18
\BOOKMARK [2][-]{subsection.2.4.3}{\376\377\000C\000o\000m\000p\000u\000t\000e\000r\000\040\000V\000i\000s\000i\000o\000n\000\040\000a\000n\000d\000\040\000V\000i\000s\000u\000a\000l\000\040\000S\000e\000a\000r\000c\000h}{section.2.4}% 19
\BOOKMARK [1][-]{section.2.5}{\376\377\000D\000a\000t\000a\000,\000\040\000A\000r\000c\000h\000i\000t\000e\000c\000t\000u\000r\000e\000,\000\040\000a\000n\000d\000\040\000D\000e\000p\000l\000o\000y\000m\000e\000n\000t\000\040\000C\000o\000n\000s\000i\000d\000e\000r\000a\000t\000i\000o\000n\000s}{chapter.2}% 20
\BOOKMARK [1][-]{section.2.6}{\376\377\000C\000h\000a\000l\000l\000e\000n\000g\000e\000s\000\040\000a\000n\000d\000\040\000R\000e\000s\000p\000o\000n\000s\000i\000b\000l\000e\000\040\000A\000I}{chapter.2}% 21
\BOOKMARK [1][-]{section.2.7}{\376\377\000M\000u\000l\000t\000i\000p\000l\000e\000-\000c\000h\000o\000i\000c\000e\000\040\000q\000u\000e\000s\000t\000i\000o\000n\000s\000\040\000\050\000M\000C\000Q\000s\000\051}{chapter.2}% 22
\BOOKMARK [0][-]{chapter.3}{\376\377\000P\000l\000a\000t\000f\000o\000r\000m\000s\000,\000\040\000M\000a\000r\000k\000e\000t\000p\000l\000a\000c\000e\000s\000,\000\040\000a\000n\000d\000\040\000B\000u\000s\000i\000n\000e\000s\000s\000\040\000M\000o\000d\000e\000l\000s\000\040\000\050\000W\000e\000e\000k\000\040\0002\000\051}{}% 23
\BOOKMARK [1][-]{section.3.1}{\376\377\000L\000e\000a\000r\000n\000i\000n\000g\000\040\000o\000b\000j\000e\000c\000t\000i\000v\000e\000s}{chapter.3}% 24
\BOOKMARK [1][-]{section.3.2}{\376\377\000F\000r\000o\000m\000\040\000s\000t\000o\000r\000e\000f\000r\000o\000n\000t\000\040\000t\000o\000\040\000p\000l\000a\000t\000f\000o\000r\000m}{chapter.3}% 25
\BOOKMARK [1][-]{section.3.3}{\376\377\000V\000a\000l\000u\000e\000\040\000c\000r\000e\000a\000t\000i\000o\000n\000,\000\040\000v\000a\000l\000u\000e\000\040\000c\000a\000p\000t\000u\000r\000e\000,\000\040\000a\000n\000d\000\040\000g\000r\000o\000w\000t\000h}{chapter.3}% 26
\BOOKMARK [2][-]{subsection.3.3.1}{\376\377\000V\000a\000l\000u\000e\000\040\000c\000r\000e\000a\000t\000i\000o\000n\000\040\000a\000n\000d\000\040\000m\000a\000t\000c\000h\000i\000n\000g}{section.3.3}% 27
\BOOKMARK [2][-]{subsection.3.3.2}{\376\377\000V\000a\000l\000u\000e\000\040\000c\000a\000p\000t\000u\000r\000e\000\040\000m\000o\000d\000e\000l\000s}{section.3.3}% 28
\BOOKMARK [2][-]{subsection.3.3.3}{\376\377\000N\000e\000t\000w\000o\000r\000k\000\040\000e\000f\000f\000e\000c\000t\000s}{section.3.3}% 29
\BOOKMARK [1][-]{section.3.4}{\376\377\000G\000o\000v\000e\000r\000n\000a\000n\000c\000e\000\040\000a\000n\000d\000\040\000t\000r\000u\000s\000t\000\040\000a\000s\000\040\000s\000y\000s\000t\000e\000m\000\040\000r\000e\000q\000u\000i\000r\000e\000m\000e\000n\000t\000s}{chapter.3}% 30
\BOOKMARK [1][-]{section.3.5}{\376\377\000B\000u\000s\000i\000n\000e\000s\000s\000\040\000m\000o\000d\000e\000l\000\040\000p\000a\000t\000t\000e\000r\000n\000s\000\040\000\050\000a\000n\000d\000\040\000a\000r\000c\000h\000i\000t\000e\000c\000t\000u\000r\000a\000l\000\040\000i\000m\000p\000l\000i\000c\000a\000t\000i\000o\000n\000s\000\051}{chapter.3}% 31
\BOOKMARK [2][-]{subsection.3.5.1}{\376\377\000B\0002\000C\000\040\000r\000e\000t\000a\000i\000l}{section.3.5}% 32
\BOOKMARK [2][-]{subsection.3.5.2}{\376\377\000B\0002\000B\000\040\000c\000o\000m\000m\000e\000r\000c\000e}{section.3.5}% 33
\BOOKMARK [2][-]{subsection.3.5.3}{\376\377\000M\000a\000r\000k\000e\000t\000p\000l\000a\000c\000e}{section.3.5}% 34
\BOOKMARK [2][-]{subsection.3.5.4}{\376\377\000D\000i\000g\000i\000t\000a\000l\000\040\000s\000e\000r\000v\000i\000c\000e\000s\000\040\000\050\000s\000u\000b\000s\000c\000r\000i\000p\000t\000i\000o\000n\000s\000\051}{section.3.5}% 35
\BOOKMARK [1][-]{section.3.6}{\376\377\000W\000h\000e\000r\000e\000\040\000A\000I\000\040\000f\000i\000t\000s\000\040\000\050\000s\000y\000s\000t\000e\000m\000-\000l\000e\000v\000e\000l\000\040\000v\000i\000e\000w\000\051}{chapter.3}% 36
\BOOKMARK [1][-]{section.3.7}{\376\377\000H\000a\000n\000d\000s\000-\000o\000n\000\040\000\050\000p\000l\000a\000c\000e\000h\000o\000l\000d\000e\000r\000\051}{chapter.3}% 37
\BOOKMARK [1][-]{section.3.8}{\376\377\000C\000a\000s\000e\000\040\000s\000t\000u\000d\000i\000e\000s\000\040\000\050\000p\000l\000a\000c\000e\000h\000o\000l\000d\000e\000r\000\051}{chapter.3}% 38
\BOOKMARK [1][-]{section.3.9}{\376\377\000M\000u\000l\000t\000i\000p\000l\000e\000-\000c\000h\000o\000i\000c\000e\000\040\000q\000u\000e\000s\000t\000i\000o\000n\000s\000\040\000\050\000M\000C\000Q\000s\000\051}{chapter.3}% 39
\BOOKMARK [0][-]{chapter.4}{\376\377\000E\000-\000C\000o\000m\000m\000e\000r\000c\000e\000\040\000D\000a\000t\000a\000\040\000F\000o\000u\000n\000d\000a\000t\000i\000o\000n\000s\000:\000\040\000E\000v\000e\000n\000t\000s\000,\000\040\000E\000x\000p\000e\000r\000i\000m\000e\000n\000t\000a\000t\000i\000o\000n\000,\000\040\000a\000n\000d\000\040\000M\000e\000t\000r\000i\000c\000s\000\040\000\050\000W\000e\000e\000k\000\040\0003\000\051}{}% 40
\BOOKMARK [1][-]{section.4.1}{\376\377\000L\000e\000a\000r\000n\000i\000n\000g\000\040\000o\000b\000j\000e\000c\000t\000i\000v\000e\000s}{chapter.4}% 41
\BOOKMARK [1][-]{section.4.2}{\376\377\000W\000h\000y\000\040\000d\000a\000t\000a\000\040\000f\000o\000u\000n\000d\000a\000t\000i\000o\000n\000s\000\040\000m\000a\000t\000t\000e\000r}{chapter.4}% 42
\BOOKMARK [1][-]{section.4.3}{\376\377\000F\000r\000o\000m\000\040\000b\000u\000s\000i\000n\000e\000s\000s\000\040\000p\000r\000o\000c\000e\000s\000s\000\040\000t\000o\000\040\000e\000v\000e\000n\000t\000\040\000m\000o\000d\000e\000l}{chapter.4}% 43
\BOOKMARK [2][-]{subsection.4.3.1}{\376\377\000E\000v\000e\000n\000t\000s\000\040\000v\000e\000r\000s\000u\000s\000\040\000s\000t\000a\000t\000e}{section.4.3}% 44
\BOOKMARK [2][-]{subsection.4.3.2}{\376\377\000E\000v\000e\000n\000t\000\040\000t\000a\000x\000o\000n\000o\000m\000i\000e\000s}{section.4.3}% 45
\BOOKMARK [1][-]{section.4.4}{\376\377\000E\000v\000e\000n\000t\000\040\000s\000c\000h\000e\000m\000a\000\040\000d\000e\000s\000i\000g\000n}{chapter.4}% 46
\BOOKMARK [2][-]{subsection.4.4.1}{\376\377\000R\000e\000q\000u\000i\000r\000e\000d\000\040\000d\000e\000s\000i\000g\000n\000\040\000p\000r\000i\000n\000c\000i\000p\000l\000e\000s}{section.4.4}% 47
\BOOKMARK [2][-]{subsection.4.4.2}{\376\377\000E\000x\000a\000m\000p\000l\000e\000\040\000e\000v\000e\000n\000t\000\040\000r\000e\000c\000o\000r\000d}{section.4.4}% 48
\BOOKMARK [1][-]{section.4.5}{\376\377\000I\000d\000e\000n\000t\000i\000t\000y\000\040\000r\000e\000s\000o\000l\000u\000t\000i\000o\000n\000\040\000a\000n\000d\000\040\000e\000n\000t\000i\000t\000y\000\040\000m\000o\000d\000e\000l\000i\000n\000g}{chapter.4}% 49
\BOOKMARK [2][-]{subsection.4.5.1}{\376\377\000I\000d\000e\000n\000t\000i\000f\000i\000e\000r\000s\000\040\000a\000r\000e\000\040\000n\000o\000t\000\040\000i\000n\000t\000e\000r\000c\000h\000a\000n\000g\000e\000a\000b\000l\000e}{section.4.5}% 50
\BOOKMARK [2][-]{subsection.4.5.2}{\376\377\000I\000d\000e\000n\000t\000i\000t\000y\000\040\000s\000t\000i\000t\000c\000h\000i\000n\000g}{section.4.5}% 51
\BOOKMARK [2][-]{subsection.4.5.3}{\376\377\000P\000r\000i\000v\000a\000c\000y\000-\000a\000w\000a\000r\000e\000\040\000i\000d\000e\000n\000t\000i\000t\000y\000\040\000d\000e\000s\000i\000g\000n}{section.4.5}% 52
\BOOKMARK [1][-]{section.4.6}{\376\377\000D\000a\000t\000a\000\040\000q\000u\000a\000l\000i\000t\000y\000\040\000a\000s\000\040\000a\000\040\000p\000r\000o\000d\000u\000c\000t\000\040\000r\000e\000q\000u\000i\000r\000e\000m\000e\000n\000t}{chapter.4}% 53
\BOOKMARK [2][-]{subsection.4.6.1}{\376\377\000D\000a\000t\000a\000\040\000c\000o\000n\000t\000r\000a\000c\000t\000s}{section.4.6}% 54
\BOOKMARK [2][-]{subsection.4.6.2}{\376\377\000V\000a\000l\000i\000d\000a\000t\000i\000o\000n\000\040\000a\000n\000d\000\040\000o\000b\000s\000e\000r\000v\000a\000b\000i\000l\000i\000t\000y}{section.4.6}% 55
\BOOKMARK [1][-]{section.4.7}{\376\377\000A\000t\000t\000r\000i\000b\000u\000t\000i\000o\000n\000\040\000a\000n\000d\000\040\000i\000t\000s\000\040\000l\000i\000m\000i\000t\000s}{chapter.4}% 56
\BOOKMARK [2][-]{subsection.4.7.1}{\376\377\000C\000o\000m\000m\000o\000n\000\040\000a\000t\000t\000r\000i\000b\000u\000t\000i\000o\000n\000\040\000m\000o\000d\000e\000l\000s}{section.4.7}% 57
\BOOKMARK [2][-]{subsection.4.7.2}{\376\377\000S\000e\000l\000e\000c\000t\000i\000o\000n\000\040\000b\000i\000a\000s\000\040\000a\000n\000d\000\040\000m\000e\000a\000s\000u\000r\000e\000m\000e\000n\000t\000\040\000b\000i\000a\000s}{section.4.7}% 58
\BOOKMARK [1][-]{section.4.8}{\376\377\000M\000e\000t\000r\000i\000c\000s\000\040\000l\000a\000y\000e\000r\000s\000\040\000a\000n\000d\000\040\000d\000e\000c\000i\000s\000i\000o\000n\000\040\000q\000u\000a\000l\000i\000t\000y}{chapter.4}% 59
\BOOKMARK [2][-]{subsection.4.8.1}{\376\377\000N\000o\000r\000t\000h\000\040\000S\000t\000a\000r\000\040\000a\000n\000d\000\040\000s\000u\000p\000p\000o\000r\000t\000i\000n\000g\000\040\000m\000e\000t\000r\000i\000c\000s}{section.4.8}% 60
\BOOKMARK [2][-]{subsection.4.8.2}{\376\377\000M\000e\000t\000r\000i\000c\000\040\000d\000i\000m\000e\000n\000s\000i\000o\000n\000s}{section.4.8}% 61
\BOOKMARK [2][-]{subsection.4.8.3}{\376\377\000R\000e\000t\000e\000n\000t\000i\000o\000n\000\040\000a\000n\000d\000\040\000c\000o\000h\000o\000r\000t\000\040\000l\000o\000g\000i\000c}{section.4.8}% 62
\BOOKMARK [1][-]{section.4.9}{\376\377\000E\000x\000p\000e\000r\000i\000m\000e\000n\000t\000a\000t\000i\000o\000n\000\040\000i\000n\000\040\000e\000-\000c\000o\000m\000m\000e\000r\000c\000e}{chapter.4}% 63
\BOOKMARK [2][-]{subsection.4.9.1}{\376\377\000A\000/\000B\000\040\000t\000e\000s\000t\000i\000n\000g\000\040\000f\000u\000n\000d\000a\000m\000e\000n\000t\000a\000l\000s}{section.4.9}% 64
\BOOKMARK [2][-]{subsection.4.9.2}{\376\377\000C\000o\000m\000m\000o\000n\000\040\000e\000x\000p\000e\000r\000i\000m\000e\000n\000t\000a\000l\000\040\000p\000i\000t\000f\000a\000l\000l\000s}{section.4.9}% 65
\BOOKMARK [2][-]{subsection.4.9.3}{\376\377\000B\000a\000n\000d\000i\000t\000s\000\040\000a\000n\000d\000\040\000a\000d\000a\000p\000t\000i\000v\000e\000\040\000e\000x\000p\000e\000r\000i\000m\000e\000n\000t\000a\000t\000i\000o\000n}{section.4.9}% 66
\BOOKMARK [1][-]{section.4.10}{\376\377\000F\000r\000o\000m\000\040\000a\000n\000a\000l\000y\000t\000i\000c\000s\000\040\000t\000o\000\040\000m\000a\000c\000h\000i\000n\000e\000\040\000l\000e\000a\000r\000n\000i\000n\000g\000\040\000f\000e\000a\000t\000u\000r\000e\000s}{chapter.4}% 67
\BOOKMARK [1][-]{section.4.11}{\376\377\000H\000a\000n\000d\000s\000-\000o\000n\000\040\000l\000a\000b\000:\000\040\000b\000u\000i\000l\000d\000\040\000a\000\040\000m\000i\000n\000i\000m\000a\000l\000\040\000m\000e\000t\000r\000i\000c\000s\000\040\000l\000a\000y\000e\000r}{chapter.4}% 68
\BOOKMARK [2][-]{subsection.4.11.1}{\376\377\000L\000a\000b\000\040\000s\000c\000e\000n\000a\000r\000i\000o}{section.4.11}% 69
\BOOKMARK [2][-]{subsection.4.11.2}{\376\377\000L\000a\000b\000\040\000t\000a\000s\000k\000s}{section.4.11}% 70
\BOOKMARK [2][-]{subsection.4.11.3}{\376\377\000E\000x\000p\000e\000c\000t\000e\000d\000\040\000l\000e\000a\000r\000n\000i\000n\000g\000\040\000o\000u\000t\000c\000o\000m\000e}{section.4.11}% 71
\BOOKMARK [1][-]{section.4.12}{\376\377\000M\000a\000n\000a\000g\000e\000r\000i\000a\000l\000\040\000a\000n\000d\000\040\000a\000r\000c\000h\000i\000t\000e\000c\000t\000u\000r\000a\000l\000\040\000i\000m\000p\000l\000i\000c\000a\000t\000i\000o\000n\000s}{chapter.4}% 72
\BOOKMARK [1][-]{section.4.13}{\376\377\000M\000u\000l\000t\000i\000p\000l\000e\000-\000c\000h\000o\000i\000c\000e\000\040\000q\000u\000e\000s\000t\000i\000o\000n\000s\000\040\000\050\000M\000C\000Q\000s\000\051}{chapter.4}% 73
\BOOKMARK [1][-]{section.4.14}{\376\377\000E\000x\000e\000r\000c\000i\000s\000e\000s\000\040\000\050\000s\000h\000o\000r\000t\000\051}{chapter.4}% 74
\BOOKMARK [1][-]{section.4.15}{\376\377\000M\000i\000n\000i\000-\000c\000a\000s\000e\000\040\000\050\000O\000d\000o\000o\000-\000l\000i\000n\000k\000e\000d\000,\000\040\000v\000e\000n\000d\000o\000r\000-\000n\000e\000u\000t\000r\000a\000l\000\051}{chapter.4}% 75
\BOOKMARK [0][-]{chapter.5}{\376\377\000E\000n\000t\000e\000r\000p\000r\000i\000s\000e\000\040\000A\000r\000c\000h\000i\000t\000e\000c\000t\000u\000r\000e\000\040\000f\000o\000r\000\040\000E\000-\000C\000o\000m\000m\000e\000r\000c\000e\000\040\000\050\000W\000e\000e\000k\000\040\0004\000\051}{}% 76
\BOOKMARK [1][-]{section.5.1}{\376\377\000L\000e\000a\000r\000n\000i\000n\000g\000\040\000o\000b\000j\000e\000c\000t\000i\000v\000e\000s}{chapter.5}% 77
\BOOKMARK [1][-]{section.5.2}{\376\377\000W\000h\000y\000\040\000e\000n\000t\000e\000r\000p\000r\000i\000s\000e\000\040\000a\000r\000c\000h\000i\000t\000e\000c\000t\000u\000r\000e\000\040\000m\000a\000t\000t\000e\000r\000s\000\040\000i\000n\000\040\000e\000-\000c\000o\000m\000m\000e\000r\000c\000e}{chapter.5}% 78
\BOOKMARK [1][-]{section.5.3}{\376\377\000E\000n\000t\000e\000r\000p\000r\000i\000s\000e\000\040\000a\000r\000c\000h\000i\000t\000e\000c\000t\000u\000r\000e\000\040\000a\000s\000\040\000a\000\040\000s\000e\000t\000\040\000o\000f\000\040\000v\000i\000e\000w\000s}{chapter.5}% 79
\BOOKMARK [1][-]{section.5.4}{\376\377\000C\000a\000p\000a\000b\000i\000l\000i\000t\000y\000\040\000m\000a\000p\000s}{chapter.5}% 80
\BOOKMARK [2][-]{subsection.5.4.1}{\376\377\000C\000o\000r\000e\000\040\000e\000-\000c\000o\000m\000m\000e\000r\000c\000e\000\040\000c\000a\000p\000a\000b\000i\000l\000i\000t\000i\000e\000s}{section.5.4}% 81
\BOOKMARK [2][-]{subsection.5.4.2}{\376\377\000W\000h\000y\000\040\000c\000a\000p\000a\000b\000i\000l\000i\000t\000y\000\040\000m\000a\000p\000s\000\040\000a\000r\000e\000\040\000u\000s\000e\000f\000u\000l}{section.5.4}% 82
\BOOKMARK [1][-]{section.5.5}{\376\377\000V\000a\000l\000u\000e\000\040\000s\000t\000r\000e\000a\000m\000s}{chapter.5}% 83
\BOOKMARK [2][-]{subsection.5.5.1}{\376\377\000T\000y\000p\000i\000c\000a\000l\000\040\000e\000-\000c\000o\000m\000m\000e\000r\000c\000e\000\040\000v\000a\000l\000u\000e\000\040\000s\000t\000r\000e\000a\000m\000s}{section.5.5}% 84
\BOOKMARK [2][-]{subsection.5.5.2}{\376\377\000W\000h\000y\000\040\000v\000a\000l\000u\000e\000\040\000s\000t\000r\000e\000a\000m\000s\000\040\000m\000a\000t\000t\000e\000r\000\040\000a\000r\000c\000h\000i\000t\000e\000c\000t\000u\000r\000a\000l\000l\000y}{section.5.5}% 85
\BOOKMARK [1][-]{section.5.6}{\376\377\000D\000o\000m\000a\000i\000n\000\040\000b\000o\000u\000n\000d\000a\000r\000i\000e\000s\000\040\000a\000n\000d\000\040\000b\000o\000u\000n\000d\000e\000d\000\040\000c\000o\000n\000t\000e\000x\000t\000s}{chapter.5}% 86
\BOOKMARK [2][-]{subsection.5.6.1}{\376\377\000T\000y\000p\000i\000c\000a\000l\000\040\000c\000o\000m\000m\000e\000r\000c\000e\000\040\000d\000o\000m\000a\000i\000n\000s}{section.5.6}% 87
\BOOKMARK [2][-]{subsection.5.6.2}{\376\377\000G\000o\000o\000d\000\040\000b\000o\000u\000n\000d\000a\000r\000i\000e\000s\000\040\000v\000e\000r\000s\000u\000s\000\040\000b\000a\000d\000\040\000b\000o\000u\000n\000d\000a\000r\000i\000e\000s}{section.5.6}% 88
\BOOKMARK [1][-]{section.5.7}{\376\377\000S\000y\000s\000t\000e\000m\000s\000\040\000o\000f\000\040\000r\000e\000c\000o\000r\000d\000\040\000a\000n\000d\000\040\000s\000y\000s\000t\000e\000m\000s\000\040\000o\000f\000\040\000e\000n\000g\000a\000g\000e\000m\000e\000n\000t}{chapter.5}% 89
\BOOKMARK [2][-]{subsection.5.7.1}{\376\377\000T\000y\000p\000i\000c\000a\000l\000\040\000p\000a\000t\000t\000e\000r\000n\000s}{section.5.7}% 90
\BOOKMARK [2][-]{subsection.5.7.2}{\376\377\000S\000y\000s\000t\000e\000m\000s\000\040\000o\000f\000\040\000e\000n\000g\000a\000g\000e\000m\000e\000n\000t}{section.5.7}% 91
\BOOKMARK [1][-]{section.5.8}{\376\377\000R\000e\000f\000e\000r\000e\000n\000c\000e\000\040\000a\000r\000c\000h\000i\000t\000e\000c\000t\000u\000r\000e\000\040\000f\000o\000r\000\040\000A\000I\000-\000d\000r\000i\000v\000e\000n\000\040\000e\000-\000c\000o\000m\000m\000e\000r\000c\000e}{chapter.5}% 92
\BOOKMARK [2][-]{subsection.5.8.1}{\376\377\000W\000h\000e\000r\000e\000\040\000A\000I\000\040\000f\000i\000t\000s}{section.5.8}% 93
\BOOKMARK [1][-]{section.5.9}{\376\377\000C\000u\000r\000r\000e\000n\000t\000\040\000s\000t\000a\000t\000e\000,\000\040\000t\000a\000r\000g\000e\000t\000\040\000s\000t\000a\000t\000e\000,\000\040\000a\000n\000d\000\040\000t\000r\000a\000n\000s\000i\000t\000i\000o\000n\000\040\000a\000r\000c\000h\000i\000t\000e\000c\000t\000u\000r\000e}{chapter.5}% 94
\BOOKMARK [2][-]{subsection.5.9.1}{\376\377\000C\000u\000r\000r\000e\000n\000t\000-\000s\000t\000a\000t\000e\000\040\000a\000n\000a\000l\000y\000s\000i\000s}{section.5.9}% 95
\BOOKMARK [2][-]{subsection.5.9.2}{\376\377\000T\000a\000r\000g\000e\000t\000\040\000a\000r\000c\000h\000i\000t\000e\000c\000t\000u\000r\000e}{section.5.9}% 96
\BOOKMARK [2][-]{subsection.5.9.3}{\376\377\000T\000r\000a\000n\000s\000i\000t\000i\000o\000n\000\040\000a\000r\000c\000h\000i\000t\000e\000c\000t\000u\000r\000e}{section.5.9}% 97
\BOOKMARK [1][-]{section.5.10}{\376\377\000A\000r\000c\000h\000i\000t\000e\000c\000t\000u\000r\000a\000l\000\040\000c\000o\000n\000c\000e\000r\000n\000s\000\040\000s\000p\000e\000c\000i\000f\000i\000c\000\040\000t\000o\000\040\000A\000I}{chapter.5}% 98
\BOOKMARK [1][-]{section.5.11}{\376\377\000O\000p\000e\000r\000a\000t\000i\000n\000g\000\040\000m\000o\000d\000e\000l\000\040\000a\000n\000d\000\040\000t\000e\000a\000m\000\040\000t\000o\000p\000o\000l\000o\000g\000y}{chapter.5}% 99
\BOOKMARK [2][-]{subsection.5.11.1}{\376\377\000T\000y\000p\000i\000c\000a\000l\000\040\000t\000e\000a\000m\000\040\000p\000a\000t\000t\000e\000r\000n\000s}{section.5.11}% 100
\BOOKMARK [1][-]{section.5.12}{\376\377\000A\000r\000t\000i\000f\000a\000c\000t\000s\000\040\000f\000o\000r\000\040\000s\000t\000u\000d\000e\000n\000t\000s\000\040\000a\000n\000d\000\040\000a\000r\000c\000h\000i\000t\000e\000c\000t\000s}{chapter.5}% 101
\BOOKMARK [1][-]{section.5.13}{\376\377\000H\000a\000n\000d\000s\000-\000o\000n\000\040\000a\000r\000t\000i\000f\000a\000c\000t\000s}{chapter.5}% 102
\BOOKMARK [1][-]{section.5.14}{\376\377\000M\000a\000n\000a\000g\000e\000r\000i\000a\000l\000\040\000i\000m\000p\000l\000i\000c\000a\000t\000i\000o\000n\000s}{chapter.5}% 103
\BOOKMARK [1][-]{section.5.15}{\376\377\000M\000u\000l\000t\000i\000p\000l\000e\000-\000c\000h\000o\000i\000c\000e\000\040\000q\000u\000e\000s\000t\000i\000o\000n\000s\000\040\000\050\000M\000C\000Q\000s\000\051}{chapter.5}% 104
\BOOKMARK [1][-]{section.5.16}{\376\377\000E\000x\000e\000r\000c\000i\000s\000e\000s\000\040\000\050\000s\000h\000o\000r\000t\000\051}{chapter.5}% 105
\BOOKMARK [1][-]{section.5.17}{\376\377\000M\000i\000n\000i\000-\000c\000a\000s\000e\000\040\000\050\000O\000d\000o\000o\000-\000l\000i\000n\000k\000e\000d\000,\000\040\000v\000e\000n\000d\000o\000r\000-\000n\000e\000u\000t\000r\000a\000l\000\051}{chapter.5}% 106
\BOOKMARK [0][-]{chapter.6}{\376\377\000E\000n\000t\000e\000r\000p\000r\000i\000s\000e\000\040\000I\000n\000t\000e\000g\000r\000a\000t\000i\000o\000n\000\040\000P\000a\000t\000t\000e\000r\000n\000s\000\040\000f\000o\000r\000\040\000E\000-\000C\000o\000m\000m\000e\000r\000c\000e\000\040\000\050\000W\000e\000e\000k\000\040\0005\000\051}{}% 107
\BOOKMARK [1][-]{section.6.1}{\376\377\000L\000e\000a\000r\000n\000i\000n\000g\000\040\000o\000b\000j\000e\000c\000t\000i\000v\000e\000s}{chapter.6}% 108
\BOOKMARK [1][-]{section.6.2}{\376\377\000W\000h\000y\000\040\000i\000n\000t\000e\000g\000r\000a\000t\000i\000o\000n\000\040\000p\000a\000t\000t\000e\000r\000n\000s\000\040\000m\000a\000t\000t\000e\000r}{chapter.6}% 109
\BOOKMARK [1][-]{section.6.3}{\376\377\000I\000n\000t\000e\000g\000r\000a\000t\000i\000o\000n\000\040\000s\000t\000y\000l\000e\000s}{chapter.6}% 110
\BOOKMARK [2][-]{subsection.6.3.1}{\376\377\000S\000y\000n\000c\000h\000r\000o\000n\000o\000u\000s\000\040\000r\000e\000q\000u\000e\000s\000t\000-\000r\000e\000s\000p\000o\000n\000s\000e}{section.6.3}% 111
\BOOKMARK [2][-]{subsection.6.3.2}{\376\377\000A\000s\000y\000n\000c\000h\000r\000o\000n\000o\000u\000s\000\040\000e\000v\000e\000n\000t\000s}{section.6.3}% 112
\BOOKMARK [2][-]{subsection.6.3.3}{\376\377\000B\000a\000t\000c\000h\000\040\000a\000n\000d\000\040\000f\000i\000l\000e\000-\000b\000a\000s\000e\000d\000\040\000i\000n\000t\000e\000g\000r\000a\000t\000i\000o\000n}{section.6.3}% 113
\BOOKMARK [1][-]{section.6.4}{\376\377\000C\000h\000o\000o\000s\000i\000n\000g\000\040\000t\000h\000e\000\040\000r\000i\000g\000h\000t\000\040\000i\000n\000t\000e\000g\000r\000a\000t\000i\000o\000n\000\040\000s\000t\000y\000l\000e}{chapter.6}% 114
\BOOKMARK [2][-]{subsection.6.4.1}{\376\377\000Q\000u\000e\000s\000t\000i\000o\000n\000s\000\040\000t\000o\000\040\000a\000s\000k}{section.6.4}% 115
\BOOKMARK [2][-]{subsection.6.4.2}{\376\377\000T\000y\000p\000i\000c\000a\000l\000\040\000c\000h\000o\000i\000c\000e\000s\000\040\000i\000n\000\040\000c\000o\000m\000m\000e\000r\000c\000e}{section.6.4}% 116
\BOOKMARK [1][-]{section.6.5}{\376\377\000A\000P\000I\000-\000f\000i\000r\000s\000t\000\040\000i\000n\000t\000e\000g\000r\000a\000t\000i\000o\000n}{chapter.6}% 117
\BOOKMARK [2][-]{subsection.6.5.1}{\376\377\000G\000o\000o\000d\000\040\000A\000P\000I\000\040\000d\000e\000s\000i\000g\000n\000\040\000p\000r\000i\000n\000c\000i\000p\000l\000e\000s}{section.6.5}% 118
\BOOKMARK [2][-]{subsection.6.5.2}{\376\377\000C\000o\000m\000m\000a\000n\000d\000s\000\040\000v\000e\000r\000s\000u\000s\000\040\000q\000u\000e\000r\000i\000e\000s}{section.6.5}% 119
\BOOKMARK [1][-]{section.6.6}{\376\377\000I\000d\000e\000m\000p\000o\000t\000e\000n\000c\000y}{chapter.6}% 120
\BOOKMARK [2][-]{subsection.6.6.1}{\376\377\000W\000h\000y\000\040\000i\000d\000e\000m\000p\000o\000t\000e\000n\000c\000y\000\040\000i\000s\000\040\000r\000e\000q\000u\000i\000r\000e\000d}{section.6.6}% 121
\BOOKMARK [2][-]{subsection.6.6.2}{\376\377\000I\000d\000e\000m\000p\000o\000t\000e\000n\000c\000y\000\040\000k\000e\000y\000s}{section.6.6}% 122
\BOOKMARK [1][-]{section.6.7}{\376\377\000E\000v\000e\000n\000t\000s\000\040\000a\000n\000d\000\040\000e\000v\000e\000n\000t\000-\000d\000r\000i\000v\000e\000n\000\040\000a\000r\000c\000h\000i\000t\000e\000c\000t\000u\000r\000e}{chapter.6}% 123
\BOOKMARK [2][-]{subsection.6.7.1}{\376\377\000D\000o\000m\000a\000i\000n\000\040\000e\000v\000e\000n\000t\000s\000\040\000v\000e\000r\000s\000u\000s\000\040\000t\000e\000c\000h\000n\000i\000c\000a\000l\000\040\000e\000v\000e\000n\000t\000s}{section.6.7}% 124
\BOOKMARK [2][-]{subsection.6.7.2}{\376\377\000B\000e\000n\000e\000f\000i\000t\000s\000\040\000o\000f\000\040\000e\000v\000e\000n\000t\000-\000d\000r\000i\000v\000e\000n\000\040\000i\000n\000t\000e\000g\000r\000a\000t\000i\000o\000n}{section.6.7}% 125
\BOOKMARK [2][-]{subsection.6.7.3}{\376\377\000C\000o\000s\000t\000s\000\040\000o\000f\000\040\000e\000v\000e\000n\000t\000-\000d\000r\000i\000v\000e\000n\000\040\000i\000n\000t\000e\000g\000r\000a\000t\000i\000o\000n}{section.6.7}% 126
\BOOKMARK [1][-]{section.6.8}{\376\377\000R\000e\000l\000i\000a\000b\000i\000l\000i\000t\000y\000\040\000p\000a\000t\000t\000e\000r\000n\000s\000\040\000i\000n\000\040\000d\000i\000s\000t\000r\000i\000b\000u\000t\000e\000d\000\040\000w\000o\000r\000k\000f\000l\000o\000w\000s}{chapter.6}% 127
\BOOKMARK [2][-]{subsection.6.8.1}{\376\377\000R\000e\000t\000r\000i\000e\000s\000\040\000a\000n\000d\000\040\000b\000a\000c\000k\000o\000f\000f}{section.6.8}% 128
\BOOKMARK [2][-]{subsection.6.8.2}{\376\377\000D\000e\000a\000d\000-\000l\000e\000t\000t\000e\000r\000\040\000h\000a\000n\000d\000l\000i\000n\000g}{section.6.8}% 129
\BOOKMARK [2][-]{subsection.6.8.3}{\376\377\000T\000i\000m\000e\000o\000u\000t\000s\000\040\000a\000n\000d\000\040\000c\000i\000r\000c\000u\000i\000t\000\040\000b\000r\000e\000a\000k\000e\000r\000s}{section.6.8}% 130
\BOOKMARK [2][-]{subsection.6.8.4}{\376\377\000R\000e\000c\000o\000n\000c\000i\000l\000i\000a\000t\000i\000o\000n\000\040\000j\000o\000b\000s}{section.6.8}% 131
\BOOKMARK [1][-]{section.6.9}{\376\377\000T\000h\000e\000\040\000o\000u\000t\000b\000o\000x\000\040\000p\000a\000t\000t\000e\000r\000n}{chapter.6}% 132
\BOOKMARK [2][-]{subsection.6.9.1}{\376\377\000H\000o\000w\000\040\000t\000h\000e\000\040\000o\000u\000t\000b\000o\000x\000\040\000p\000a\000t\000t\000e\000r\000n\000\040\000w\000o\000r\000k\000s}{section.6.9}% 133
\BOOKMARK [2][-]{subsection.6.9.2}{\376\377\000W\000h\000y\000\040\000i\000t\000\040\000m\000a\000t\000t\000e\000r\000s\000\040\000i\000n\000\040\000c\000o\000m\000m\000e\000r\000c\000e}{section.6.9}% 134
\BOOKMARK [1][-]{section.6.10}{\376\377\000M\000e\000s\000s\000a\000g\000e\000\040\000c\000o\000n\000t\000r\000a\000c\000t\000s\000\040\000a\000n\000d\000\040\000s\000c\000h\000e\000m\000a\000\040\000g\000o\000v\000e\000r\000n\000a\000n\000c\000e}{chapter.6}% 135
\BOOKMARK [2][-]{subsection.6.10.1}{\376\377\000W\000h\000a\000t\000\040\000a\000\040\000c\000o\000n\000t\000r\000a\000c\000t\000\040\000s\000h\000o\000u\000l\000d\000\040\000d\000e\000f\000i\000n\000e}{section.6.10}% 136
\BOOKMARK [2][-]{subsection.6.10.2}{\376\377\000B\000a\000c\000k\000w\000a\000r\000d\000\040\000c\000o\000m\000p\000a\000t\000i\000b\000i\000l\000i\000t\000y}{section.6.10}% 137
\BOOKMARK [1][-]{section.6.11}{\376\377\000O\000b\000s\000e\000r\000v\000a\000b\000i\000l\000i\000t\000y\000\040\000f\000o\000r\000\040\000i\000n\000t\000e\000g\000r\000a\000t\000i\000o\000n\000s}{chapter.6}% 138
\BOOKMARK [2][-]{subsection.6.11.1}{\376\377\000M\000i\000n\000i\000m\000u\000m\000\040\000s\000i\000g\000n\000a\000l\000s}{section.6.11}% 139
\BOOKMARK [2][-]{subsection.6.11.2}{\376\377\000C\000o\000r\000r\000e\000l\000a\000t\000i\000o\000n\000\040\000a\000n\000d\000\040\000t\000r\000a\000c\000e\000a\000b\000i\000l\000i\000t\000y}{section.6.11}% 140
\BOOKMARK [1][-]{section.6.12}{\376\377\000i\000P\000a\000a\000S\000,\000\040\000E\000S\000B\000,\000\040\000b\000r\000o\000k\000e\000r\000s\000,\000\040\000a\000n\000d\000\040\000w\000o\000r\000k\000f\000l\000o\000w\000\040\000o\000r\000c\000h\000e\000s\000t\000r\000a\000t\000i\000o\000n}{chapter.6}% 141
\BOOKMARK [2][-]{subsection.6.12.1}{\376\377\000i\000P\000a\000a\000S\000\040\000a\000n\000d\000\040\000E\000S\000B\000\040\000c\000o\000n\000c\000e\000p\000t\000s}{section.6.12}% 142
\BOOKMARK [2][-]{subsection.6.12.2}{\376\377\000E\000v\000e\000n\000t\000\040\000b\000r\000o\000k\000e\000r\000s\000\040\000a\000n\000d\000\040\000s\000t\000r\000e\000a\000m\000s}{section.6.12}% 143
\BOOKMARK [2][-]{subsection.6.12.3}{\376\377\000W\000o\000r\000k\000f\000l\000o\000w\000\040\000o\000r\000c\000h\000e\000s\000t\000r\000a\000t\000i\000o\000n}{section.6.12}% 144
\BOOKMARK [1][-]{section.6.13}{\376\377\000I\000n\000t\000e\000g\000r\000a\000t\000i\000o\000n\000\040\000a\000n\000t\000i\000-\000p\000a\000t\000t\000e\000r\000n\000s}{chapter.6}% 145
\BOOKMARK [1][-]{section.6.14}{\376\377\000H\000a\000n\000d\000s\000-\000o\000n\000\040\000l\000a\000b\000:\000\040\000m\000o\000d\000e\000l\000i\000n\000g\000\040\000a\000n\000\040\000o\000r\000d\000e\000r\000\040\000l\000i\000f\000e\000c\000y\000c\000l\000e}{chapter.6}% 146
\BOOKMARK [2][-]{subsection.6.14.1}{\376\377\000L\000a\000b\000\040\000s\000c\000e\000n\000a\000r\000i\000o}{section.6.14}% 147
\BOOKMARK [2][-]{subsection.6.14.2}{\376\377\000L\000a\000b\000\040\000t\000a\000s\000k\000s}{section.6.14}% 148
\BOOKMARK [2][-]{subsection.6.14.3}{\376\377\000E\000x\000p\000e\000c\000t\000e\000d\000\040\000l\000e\000a\000r\000n\000i\000n\000g\000\040\000o\000u\000t\000c\000o\000m\000e}{section.6.14}% 149
\BOOKMARK [1][-]{section.6.15}{\376\377\000M\000a\000n\000a\000g\000e\000r\000i\000a\000l\000\040\000a\000n\000d\000\040\000a\000r\000c\000h\000i\000t\000e\000c\000t\000u\000r\000a\000l\000\040\000i\000m\000p\000l\000i\000c\000a\000t\000i\000o\000n\000s}{chapter.6}% 150
\BOOKMARK [1][-]{section.6.16}{\376\377\000M\000u\000l\000t\000i\000p\000l\000e\000-\000c\000h\000o\000i\000c\000e\000\040\000q\000u\000e\000s\000t\000i\000o\000n\000s\000\040\000\050\000M\000C\000Q\000s\000\051}{chapter.6}% 151
\BOOKMARK [1][-]{section.6.17}{\376\377\000E\000x\000e\000r\000c\000i\000s\000e\000s\000\040\000\050\000s\000h\000o\000r\000t\000\051}{chapter.6}% 152
\BOOKMARK [1][-]{section.6.18}{\376\377\000M\000i\000n\000i\000-\000c\000a\000s\000e\000\040\000\050\000O\000d\000o\000o\000-\000l\000i\000n\000k\000e\000d\000,\000\040\000v\000e\000n\000d\000o\000r\000-\000n\000e\000u\000t\000r\000a\000l\000\051}{chapter.6}% 153
\BOOKMARK [0][-]{chapter.7}{\376\377\000E\000R\000P\000/\000C\000R\000M\000/\000S\000C\000M\000\040\000I\000n\000t\000e\000g\000r\000a\000t\000i\000o\000n\000\040\000i\000n\000\040\000C\000o\000m\000m\000e\000r\000c\000e\000\040\000\050\000W\000e\000e\000k\000\040\0006\000\051}{}% 154
\BOOKMARK [1][-]{section.7.1}{\376\377\000S\000c\000o\000p\000e\000\040\000\050\000p\000l\000a\000c\000e\000h\000o\000l\000d\000e\000r\000\051}{chapter.7}% 155
\BOOKMARK [1][-]{section.7.2}{\376\377\000A\000r\000t\000i\000f\000a\000c\000t\000s\000\040\000\050\000p\000l\000a\000c\000e\000h\000o\000l\000d\000e\000r\000\051}{chapter.7}% 156
\BOOKMARK [1][-]{section.7.3}{\376\377\000M\000u\000l\000t\000i\000p\000l\000e\000-\000c\000h\000o\000i\000c\000e\000\040\000q\000u\000e\000s\000t\000i\000o\000n\000s\000\040\000\050\000M\000C\000Q\000s\000\051}{chapter.7}% 157
\BOOKMARK [1][-]{section.7.4}{\376\377\000E\000x\000e\000r\000c\000i\000s\000e\000s\000\040\000\050\000s\000h\000o\000r\000t\000\051}{chapter.7}% 158
\BOOKMARK [1][-]{section.7.5}{\376\377\000M\000i\000n\000i\000-\000c\000a\000s\000e\000\040\000\050\000O\000d\000o\000o\000-\000l\000i\000n\000k\000e\000d\000,\000\040\000v\000e\000n\000d\000o\000r\000-\000n\000e\000u\000t\000r\000a\000l\000\051}{chapter.7}% 159
\BOOKMARK [0][-]{chapter.8}{\376\377\000R\000e\000c\000o\000m\000m\000e\000n\000d\000e\000r\000s\000\040\000I\000:\000\040\000C\000l\000a\000s\000s\000i\000c\000a\000l\000\040\000M\000e\000t\000h\000o\000d\000s\000\040\000+\000\040\000L\000e\000a\000r\000n\000i\000n\000g\000-\000t\000o\000-\000R\000a\000n\000k\000\040\000\050\000W\000e\000e\000k\000\040\0007\000\051}{}% 160
\BOOKMARK [1][-]{section.8.1}{\376\377\000S\000c\000o\000p\000e\000\040\000\050\000p\000l\000a\000c\000e\000h\000o\000l\000d\000e\000r\000\051}{chapter.8}% 161
\BOOKMARK [1][-]{section.8.2}{\376\377\000H\000a\000n\000d\000s\000-\000o\000n\000\040\000l\000a\000b\000\040\000\050\000p\000l\000a\000c\000e\000h\000o\000l\000d\000e\000r\000\051}{chapter.8}% 162
\BOOKMARK [0][-]{chapter.9}{\376\377\000R\000e\000c\000o\000m\000m\000e\000n\000d\000e\000r\000s\000\040\000I\000I\000:\000\040\000D\000e\000e\000p\000\040\000L\000e\000a\000r\000n\000i\000n\000g\000,\000\040\000E\000m\000b\000e\000d\000d\000i\000n\000g\000s\000,\000\040\000a\000n\000d\000\040\000R\000e\000t\000r\000i\000e\000v\000a\000l\000\040\000\050\000W\000e\000e\000k\000\040\0008\000\051}{}% 163
\BOOKMARK [1][-]{section.9.1}{\376\377\000S\000c\000o\000p\000e\000\040\000\050\000p\000l\000a\000c\000e\000h\000o\000l\000d\000e\000r\000\051}{chapter.9}% 164
\BOOKMARK [1][-]{section.9.2}{\376\377\000H\000a\000n\000d\000s\000-\000o\000n\000\040\000l\000a\000b\000\040\000\050\000p\000l\000a\000c\000e\000h\000o\000l\000d\000e\000r\000\051}{chapter.9}% 165
\BOOKMARK [0][-]{chapter.10}{\376\377\000P\000r\000i\000c\000i\000n\000g\000\040\000a\000n\000d\000\040\000P\000r\000o\000m\000o\000t\000i\000o\000n\000s\000\040\000w\000i\000t\000h\000\040\000M\000L\000\040\000+\000\040\000O\000p\000t\000i\000m\000i\000z\000a\000t\000i\000o\000n\000\040\000\050\000W\000e\000e\000k\000\040\0009\000\051}{}% 166
\BOOKMARK [1][-]{section.10.1}{\376\377\000S\000c\000o\000p\000e\000\040\000\050\000p\000l\000a\000c\000e\000h\000o\000l\000d\000e\000r\000\051}{chapter.10}% 167
\BOOKMARK [1][-]{section.10.2}{\376\377\000H\000a\000n\000d\000s\000-\000o\000n\000\040\000l\000a\000b\000\040\000\050\000p\000l\000a\000c\000e\000h\000o\000l\000d\000e\000r\000\051}{chapter.10}% 168
\BOOKMARK [0][-]{chapter.11}{\376\377\000F\000r\000a\000u\000d\000,\000\040\000R\000i\000s\000k\000,\000\040\000a\000n\000d\000\040\000T\000r\000u\000s\000t\000\040\000\046\000\040\000S\000a\000f\000e\000t\000y\000\040\000\050\000W\000e\000e\000k\000\040\0001\0000\000\051}{}% 169
\BOOKMARK [1][-]{section.11.1}{\376\377\000S\000c\000o\000p\000e\000\040\000\050\000p\000l\000a\000c\000e\000h\000o\000l\000d\000e\000r\000\051}{chapter.11}% 170
\BOOKMARK [1][-]{section.11.2}{\376\377\000H\000a\000n\000d\000s\000-\000o\000n\000\040\000l\000a\000b\000\040\000\050\000p\000l\000a\000c\000e\000h\000o\000l\000d\000e\000r\000\051}{chapter.11}% 171
\BOOKMARK [0][-]{chapter.12}{\376\377\000C\000u\000s\000t\000o\000m\000e\000r\000\040\000S\000e\000r\000v\000i\000c\000e\000\040\000A\000u\000t\000o\000m\000a\000t\000i\000o\000n\000\040\000w\000i\000t\000h\000\040\000L\000L\000M\000s\000\040\000\050\000W\000e\000e\000k\000\040\0001\0001\000\051}{}% 172
\BOOKMARK [1][-]{section.12.1}{\376\377\000S\000c\000o\000p\000e\000\040\000\050\000p\000l\000a\000c\000e\000h\000o\000l\000d\000e\000r\000\051}{chapter.12}% 173
\BOOKMARK [1][-]{section.12.2}{\376\377\000H\000a\000n\000d\000s\000-\000o\000n\000\040\000l\000a\000b\000\040\000\050\000p\000l\000a\000c\000e\000h\000o\000l\000d\000e\000r\000\051}{chapter.12}% 174
\BOOKMARK [0][-]{chapter.13}{\376\377\000M\000L\000O\000p\000s\000\040\000+\000\040\000D\000a\000t\000a\000O\000p\000s\000\040\000f\000o\000r\000\040\000E\000-\000C\000o\000m\000m\000e\000r\000c\000e\000\040\000\050\000W\000e\000e\000k\000\040\0001\0002\000\051}{}% 175
\BOOKMARK [1][-]{section.13.1}{\376\377\000S\000c\000o\000p\000e\000\040\000\050\000p\000l\000a\000c\000e\000h\000o\000l\000d\000e\000r\000\051}{chapter.13}% 176
\BOOKMARK [1][-]{section.13.2}{\376\377\000A\000r\000t\000i\000f\000a\000c\000t\000s\000\040\000\050\000p\000l\000a\000c\000e\000h\000o\000l\000d\000e\000r\000\051}{chapter.13}% 177
\BOOKMARK [0][-]{chapter.14}{\376\377\000S\000e\000c\000u\000r\000i\000t\000y\000,\000\040\000P\000r\000i\000v\000a\000c\000y\000,\000\040\000C\000o\000m\000p\000l\000i\000a\000n\000c\000e\000,\000\040\000a\000n\000d\000\040\000R\000e\000s\000p\000o\000n\000s\000i\000b\000l\000e\000\040\000A\000I\000\040\000\050\000W\000e\000e\000k\000\040\0001\0003\000\051}{}% 178
\BOOKMARK [1][-]{section.14.1}{\376\377\000S\000c\000o\000p\000e\000\040\000\050\000p\000l\000a\000c\000e\000h\000o\000l\000d\000e\000r\000\051}{chapter.14}% 179
\BOOKMARK [1][-]{section.14.2}{\376\377\000D\000i\000s\000c\000u\000s\000s\000i\000o\000n\000\040\000\050\000p\000l\000a\000c\000e\000h\000o\000l\000d\000e\000r\000\051}{chapter.14}% 180
\BOOKMARK [0][-]{chapter.15}{\376\377\000C\000a\000p\000s\000t\000o\000n\000e\000:\000\040\000E\000n\000t\000e\000r\000p\000r\000i\000s\000e\000-\000G\000r\000a\000d\000e\000\040\000A\000I\000\040\000E\000-\000C\000o\000m\000m\000e\000r\000c\000e\000\040\000A\000r\000c\000h\000i\000t\000e\000c\000t\000u\000r\000e\000\040\000\050\000W\000e\000e\000k\000\040\0001\0004\000\051}{}% 181
\BOOKMARK [1][-]{section.15.1}{\376\377\000S\000c\000o\000p\000e\000\040\000\050\000p\000l\000a\000c\000e\000h\000o\000l\000d\000e\000r\000\051}{chapter.15}% 182
\BOOKMARK [1][-]{section.15.2}{\376\377\000C\000a\000p\000s\000t\000o\000n\000e\000\040\000d\000e\000l\000i\000v\000e\000r\000a\000b\000l\000e\000s\000\040\000\050\000p\000l\000a\000c\000e\000h\000o\000l\000d\000e\000r\000\051}{chapter.15}% 183
\BOOKMARK [0][-]{appendix.A}{\376\377\000D\000a\000t\000a\000s\000e\000t\000s\000\040\000a\000n\000d\000\040\000S\000y\000n\000t\000h\000e\000t\000i\000c\000\040\000D\000a\000t\000a\000\040\000f\000o\000r\000\040\000T\000e\000a\000c\000h\000i\000n\000g\000\040\000\050\000p\000l\000a\000c\000e\000h\000o\000l\000d\000e\000r\000\051}{}% 184
\BOOKMARK [0][-]{appendix.B}{\376\377\000T\000e\000m\000p\000l\000a\000t\000e\000:\000\040\000S\000y\000s\000t\000e\000m\000\040\000D\000e\000s\000i\000g\000n\000\040\000D\000o\000c\000u\000m\000e\000n\000t\000\040\000\050\000p\000l\000a\000c\000e\000h\000o\000l\000d\000e\000r\000\051}{}% 185
\BOOKMARK [0][-]{appendix.C}{\376\377\000T\000e\000m\000p\000l\000a\000t\000e\000:\000\040\000D\000a\000t\000a\000\040\000C\000o\000n\000t\000r\000a\000c\000t\000\040\000\050\000p\000l\000a\000c\000e\000h\000o\000l\000d\000e\000r\000\051}{}% 186
\BOOKMARK [0][-]{appendix.D}{\376\377\000T\000e\000m\000p\000l\000a\000t\000e\000:\000\040\000M\000o\000d\000e\000l\000\040\000C\000a\000r\000d\000\040\000a\000n\000d\000\040\000R\000i\000s\000k\000\040\000A\000s\000s\000e\000s\000s\000m\000e\000n\000t\000\040\000\050\000p\000l\000a\000c\000e\000h\000o\000l\000d\000e\000r\000\051}{}% 187
